
> creativity-web@0.1.0 check /Users/wanghongfei/work/work-space/一玄/70.agent/creativity-web
> pnpm api:check && pnpm typecheck && pnpm lint && pnpm test && pnpm build


> creativity-web@0.1.0 api:check /Users/wanghongfei/work/work-space/一玄/70.agent/creativity-web
> node scripts/generate-api.mjs --check


> creativity-web@0.1.0 typecheck /Users/wanghongfei/work/work-space/一玄/70.agent/creativity-web
> tsc -b --pretty false


> creativity-web@0.1.0 lint /Users/wanghongfei/work/work-space/一玄/70.agent/creativity-web
> eslint . --max-warnings 0


> creativity-web@0.1.0 test /Users/wanghongfei/work/work-space/一玄/70.agent/creativity-web
> vitest run


 RUN  v4.1.11 /Users/wanghongfei/work/work-space/一玄/70.agent/creativity-web


 Test Files  3 passed (3)
      Tests  19 passed (19)
   Start at  00:10:27
   Duration  235ms (transform 132ms, setup 0ms, import 171ms, tests 101ms, environment 0ms)


> creativity-web@0.1.0 build /Users/wanghongfei/work/work-space/一玄/70.agent/creativity-web
> tsc -b && vite build

vite v7.3.6 building client environment for production...
transforming...
✓ 1648 modules transformed.
rendering chunks...
computing gzip size...
dist/index.html                     0.45 kB │ gzip:   0.29 kB
dist/assets/index-DdsIXwTl.css      3.87 kB │ gzip:   1.51 kB
dist/assets/index-By8KSU8P.js   1,557.22 kB │ gzip: 483.65 kB

(!) Some chunks are larger than 500 kB after minification. Consider:
- Using dynamic import() to code-split the application
- Use build.rollupOptions.output.manualChunks to improve chunking: https://rollupjs.org/configuration-options/#output-manualchunks
- Adjust chunk size limit for this warning via build.chunkSizeWarningLimit.
✓ built in 3.14s
