s.......s............................................................... [ 15%]
........................................................................ [ 31%]
........................................................................ [ 47%]
........................................................................ [ 63%]
................................................................s....... [ 79%]
.......................ssssssssss....................................... [ 95%]
....................                                                     [100%]
=============================== warnings summary ===============================
tests/integration/runtime/test_backend_delivery.py::test_same_client_two_configurations_sync_async_stream_and_cancel[agent_env0-business_env0]
  /Users/wanghongfei/work/work-space/一玄/70.agent/creativity-service/.venv/lib/python3.12/site-packages/websockets/legacy/__init__.py:6: DeprecationWarning: websockets.legacy is deprecated; see https://websockets.readthedocs.io/en/stable/howto/upgrade.html for upgrade instructions
    warnings.warn(  # deprecated in 14.0 - 2024-11-09

tests/integration/runtime/test_backend_delivery.py::test_same_client_two_configurations_sync_async_stream_and_cancel[agent_env0-business_env0]
  /Users/wanghongfei/work/work-space/一玄/70.agent/creativity-service/.venv/lib/python3.12/site-packages/uvicorn/protocols/websockets/websockets_impl.py:17: DeprecationWarning: websockets.server.WebSocketServerProtocol is deprecated
    from websockets.server import WebSocketServerProtocol

-- Docs: https://docs.pytest.org/en/stable/how-to/capture-warnings.html
=========================== short test summary info ============================
SKIPPED [1] tests/e2e/test_acceptance.py:98: 当前构建组合验收须由 scripts/verify_acceptance.py 显式启动
SKIPPED [1] tests/integration/acceptance/test_performance.py:56: 性能测量须单独执行，避免其他回归进程影响时延
SKIPPED [1] tests/integration/runtime/test_business_independence.py:235: 固定构建浏览器验收须通过 scripts/verify_business_independence.py 显式启动
SKIPPED [1] tests/integration/runtime/test_sandbox.py:40: 隔离验收需要指定本地固定摘要镜像
SKIPPED [4] tests/integration/runtime/test_sandbox.py:64: 隔离验收需要指定本地固定摘要镜像
SKIPPED [1] tests/integration/runtime/test_sandbox.py:83: 隔离验收需要指定本地固定摘要镜像
SKIPPED [1] tests/integration/runtime/test_sandbox.py:96: 隔离验收需要指定本地固定摘要镜像
SKIPPED [1] tests/integration/runtime/test_sandbox.py:141: 隔离验收需要指定本地固定摘要镜像
SKIPPED [1] tests/integration/runtime/test_sandbox.py:181: 隔离验收需要指定本地固定摘要镜像
SKIPPED [1] tests/integration/runtime/test_script_tool.py:32: 需要固定摘要隔离镜像
439 passed, 13 skipped, 197 deselected, 2 warnings in 1531.83s (0:25:31)
