第 1 批管理查询完成
第 1 批服务受理完成
第 1 批 HTTP 受理完成
第 2 批管理查询完成
第 2 批服务受理完成
第 2 批 HTTP 受理完成
第 3 批管理查询完成
第 3 批服务受理完成
第 3 批 HTTP 受理完成
第 4 批管理查询完成
第 4 批服务受理完成
第 4 批 HTTP 受理完成
第 5 批管理查询完成
第 5 批服务受理完成
第 5 批 HTTP 受理完成
第 6 批管理查询完成
第 6 批服务受理完成
第 6 批 HTTP 受理完成
复测结果： /Users/wanghongfei/work/work-space/一玄/70.agent/creativity-service/docs/acceptance/admission-optimization-20261005/performance.json
F
=================================== FAILURES ===================================
___________________________ test_timing[agent_env0] ____________________________
docs/acceptance/admission-optimization-20261005/test_timing.py:37: in test_timing
    await original.test_twenty_clients_management_and_admission(runtime_env)
tests/integration/acceptance/test_performance.py:210: in test_twenty_clients_management_and_admission
    assert report["admission_service"]["passed"], report["admission_service"]
E   AssertionError: {'samples': 100, 'p50_ms': 459.668, 'p95_ms': 556.992, 'max_ms': 586.257, ...}
E   assert False
=============================== warnings summary ===============================
docs/acceptance/admission-optimization-20261005/test_timing.py::test_timing[agent_env0]
  /Users/wanghongfei/work/work-space/一玄/70.agent/creativity-service/.venv/lib/python3.12/site-packages/websockets/legacy/__init__.py:6: DeprecationWarning: websockets.legacy is deprecated; see https://websockets.readthedocs.io/en/stable/howto/upgrade.html for upgrade instructions
    warnings.warn(  # deprecated in 14.0 - 2024-11-09

docs/acceptance/admission-optimization-20261005/test_timing.py::test_timing[agent_env0]
  /Users/wanghongfei/work/work-space/一玄/70.agent/creativity-service/.venv/lib/python3.12/site-packages/uvicorn/protocols/websockets/websockets_impl.py:17: DeprecationWarning: websockets.server.WebSocketServerProtocol is deprecated
    from websockets.server import WebSocketServerProtocol

-- Docs: https://docs.pytest.org/en/stable/how-to/capture-warnings.html
=========================== short test summary info ============================
FAILED docs/acceptance/admission-optimization-20261005/test_timing.py::test_timing[agent_env0]
1 failed, 2 warnings in 36.18s
